// Jest Snapshot v1, https://goo.gl/fbAQLP

exports[`SwapRouter gas tests #exactInput 0 -> 1 -> 2 1`] = `175668`;

exports[`SwapRouter gas tests #exactInput 0 -> 1 1`] = `110830`;

exports[`SwapRouter gas tests #exactInput 0 -> 1 minimal 1`] = `98059`;

exports[`SwapRouter gas tests #exactInput 0 -> WETH9 1`] = `127736`;

exports[`SwapRouter gas tests #exactInput WETH9 -> 0 1`] = `109155`;

exports[`SwapRouter gas tests #exactInputSingle 0 -> 1 1`] = `110144`;

exports[`SwapRouter gas tests #exactInputSingle 0 -> WETH9 1`] = `127050`;

exports[`SwapRouter gas tests #exactInputSingle WETH9 -> 0 1`] = `108469`;

exports[`SwapRouter gas tests #exactOutput 0 -> 1 -> 2 1`] = `169297`;

exports[`SwapRouter gas tests #exactOutput 0 -> 1 1`] = `111686`;

exports[`SwapRouter gas tests #exactOutput 0 -> WETH9 1`] = `128604`;

exports[`SwapRouter gas tests #exactOutput WETH9 -> 0 1`] = `119666`;

exports[`SwapRouter gas tests #exactOutputSingle 0 -> 1 1`] = `111865`;

exports[`SwapRouter gas tests #exactOutputSingle 0 -> WETH9 1`] = `128783`;

exports[`SwapRouter gas tests #exactOutputSingle WETH9 -> 0 1`] = `112632`;
